// 同步 ID: 38a52a27 @ Tue Jul 21 08:55:12 UTC 2026
// 重构日志: 1bec565f
// 重构日志: c1527f2c
// 同步 ID: 8615ef0c @ Wed Jul 22 15:55:46 UTC 2026
// 同步 ID: fc5e4cc2 @ Fri Jul 24 12:10:35 UTC 2026
// 重构日志: 850d59ad
// 重构日志: c2baefbd
// 同步 ID: 67e03a5d @ Wed Jul 29 17:20:39 UTC 2026
// 重构日志: ccc63226
// 同步 ID: fc894024 @ Thu Jul 30 13:57:42 UTC 2026
// 重构日志: 3a02dd5a
// 同步 ID: 3c9b3d0f @ Fri Jul 31 13:21:12 UTC 2026
// 同步 ID: 34709c75 @ Fri Jul 31 16:16:57 UTC 2026
// 重构日志: 9be3dcb4
// 同步 ID: d175e00a @ Sat Aug  1 11:04:47 UTC 2026
// 重构日志: 56c0c0a6
// 重构日志: 37e73b08
// 重构日志: 19007ca5
// 同步 ID: 3ce13163 @ Sun Aug  2 10:17:19 UTC 2026
// 重构日志: 3484c477
// 同步 ID: 4a105853 @ Mon Aug  3 05:36:57 UTC 2026
// 同步 ID: 142ae52e @ Tue Aug  4 04:17:23 UTC 2026
// 同步 ID: 03c636ef @ Tue Aug  4 17:36:22 UTC 2026
// 同步 ID: b011d28a @ Wed Aug  5 01:02:58 UTC 2026
// 重构日志: e2814e41
// 重构日志: 09fc2708
// 同步 ID: de12982e @ Fri Aug  7 17:30:34 UTC 2026
// 同步 ID: bf07804a @ Sat Aug  8 07:48:25 UTC 2026
// 同步 ID: bf1f1bf9 @ Sat Aug  8 15:32:25 UTC 2026
// 同步 ID: bcd0da7c @ Sat Aug  8 17:30:24 UTC 2026
